---------------------------------------
Begin Slurm Prolog: Apr-29-2025 03:09:02
Job ID:    2544585
User ID:   akhandelwal83
Account:   coc
Job name:  gemma-v1
Partition: coc-gpu
QOS:       coc-ice
---------------------------------------
Dataset Loaded

Map:   0%|          | 0/34000 [00:00<?, ? examples/s]
Map:   3%|▎         | 1000/34000 [00:00<00:24, 1373.94 examples/s]
Map:   6%|▌         | 2000/34000 [00:01<00:22, 1393.15 examples/s]
Map:   9%|▉         | 3000/34000 [00:02<00:21, 1432.42 examples/s]
Map:  12%|█▏        | 4000/34000 [00:02<00:20, 1477.66 examples/s]
Map:  15%|█▍        | 5000/34000 [00:03<00:19, 1474.05 examples/s]
Map:  18%|█▊        | 6000/34000 [00:04<00:19, 1470.56 examples/s]
Map:  21%|██        | 7000/34000 [00:04<00:18, 1480.36 examples/s]
Map:  24%|██▎       | 8000/34000 [00:05<00:17, 1474.72 examples/s]
Map:  26%|██▋       | 9000/34000 [00:06<00:16, 1485.83 examples/s]
Map:  29%|██▉       | 10000/34000 [00:06<00:16, 1479.36 examples/s]
Map:  32%|███▏      | 11000/34000 [00:07<00:15, 1485.94 examples/s]
Map:  35%|███▌      | 12000/34000 [00:08<00:15, 1450.10 examples/s]
Map:  38%|███▊      | 13000/34000 [00:08<00:14, 1465.35 examples/s]
Map:  41%|████      | 14000/34000 [00:09<00:13, 1458.93 examples/s]
Map:  44%|████▍     | 15000/34000 [00:10<00:12, 1466.62 examples/s]
Map:  47%|████▋     | 16000/34000 [00:10<00:12, 1465.22 examples/s]
Map:  50%|█████     | 17000/34000 [00:11<00:11, 1473.50 examples/s]
Map:  53%|█████▎    | 18000/34000 [00:12<00:10, 1464.95 examples/s]
Map:  56%|█████▌    | 19000/34000 [00:12<00:10, 1484.57 examples/s]
Map:  59%|█████▉    | 20000/34000 [00:13<00:09, 1477.79 examples/s]
Map:  62%|██████▏   | 21000/34000 [00:14<00:08, 1470.36 examples/s]
Map:  65%|██████▍   | 22000/34000 [00:14<00:08, 1469.68 examples/s]
Map:  68%|██████▊   | 23000/34000 [00:15<00:07, 1407.71 examples/s]
Map:  71%|███████   | 24000/34000 [00:16<00:06, 1429.54 examples/s]
Map:  74%|███████▎  | 25000/34000 [00:17<00:06, 1471.58 examples/s]
Map:  76%|███████▋  | 26000/34000 [00:17<00:05, 1364.90 examples/s]
Map:  79%|███████▉  | 27000/34000 [00:18<00:05, 1388.09 examples/s]
Map:  82%|████████▏ | 28000/34000 [00:19<00:04, 1425.63 examples/s]
Map:  85%|████████▌ | 29000/34000 [00:19<00:03, 1418.75 examples/s]
Map:  88%|████████▊ | 30000/34000 [00:20<00:02, 1434.34 examples/s]
Map:  91%|█████████ | 31000/34000 [00:21<00:02, 1455.92 examples/s]
Map:  94%|█████████▍| 32000/34000 [00:22<00:01, 1457.31 examples/s]
Map:  97%|█████████▋| 33000/34000 [00:22<00:00, 1432.04 examples/s]
Map: 100%|██████████| 34000/34000 [00:23<00:00, 1462.67 examples/s]
Map: 100%|██████████| 34000/34000 [00:23<00:00, 1451.59 examples/s]

Map:   0%|          | 0/7000 [00:00<?, ? examples/s]
Map:  14%|█▍        | 1000/7000 [00:00<00:03, 1548.35 examples/s]
Map:  29%|██▊       | 2000/7000 [00:01<00:03, 1471.49 examples/s]
Map:  43%|████▎     | 3000/7000 [00:01<00:02, 1516.93 examples/s]
Map:  57%|█████▋    | 4000/7000 [00:02<00:01, 1514.81 examples/s]
Map:  71%|███████▏  | 5000/7000 [00:03<00:01, 1508.12 examples/s]
Map:  86%|████████▌ | 6000/7000 [00:04<00:00, 1480.81 examples/s]
Map: 100%|██████████| 7000/7000 [00:04<00:00, 1479.18 examples/s]
Map: 100%|██████████| 7000/7000 [00:04<00:00, 1485.54 examples/s]
Some weights of Gemma2ForSequenceClassificationMeanPool were not initialized from the model checkpoint at unsloth/gemma-2-2b-it-bnb-4bit and are newly initialized: ['score.weight']
You should probably TRAIN this model on a down-stream task to be able to use it for predictions and inference.
The speedups for torchdynamo mostly come with GPU Ampere or higher and which is not detected here.
No label_names provided for model class `PeftModelForSequenceClassification`. Since `PeftModel` hides base models input arguments, if label_names is not given, label_names can't be set automatically within `Trainer`. Note that empty label_names list will be used instead.

  0%|          | 0/1062 [00:00<?, ?it/s]huggingface/tokenizers: The current process just got forked, after parallelism has already been used. Disabling parallelism to avoid deadlocks...
To disable this warning, you can either:
	- Avoid using `tokenizers` before the fork if possible
	- Explicitly set the environment variable TOKENIZERS_PARALLELISM=(true | false)
huggingface/tokenizers: The current process just got forked, after parallelism has already been used. Disabling parallelism to avoid deadlocks...
To disable this warning, you can either:
	- Avoid using `tokenizers` before the fork if possible
	- Explicitly set the environment variable TOKENIZERS_PARALLELISM=(true | false)
huggingface/tokenizers: The current process just got forked, after parallelism has already been used. Disabling parallelism to avoid deadlocks...
To disable this warning, you can either:
	- Avoid using `tokenizers` before the fork if possible
	- Explicitly set the environment variable TOKENIZERS_PARALLELISM=(true | false)
huggingface/tokenizers: The current process just got forked, after parallelism has already been used. Disabling parallelism to avoid deadlocks...
To disable this warning, you can either:
	- Avoid using `tokenizers` before the fork if possible
	- Explicitly set the environment variable TOKENIZERS_PARALLELISM=(true | false)
huggingface/tokenizers: The current process just got forked, after parallelism has already been used. Disabling parallelism to avoid deadlocks...
To disable this warning, you can either:
	- Avoid using `tokenizers` before the fork if possible
	- Explicitly set the environment variable TOKENIZERS_PARALLELISM=(true | false)
huggingface/tokenizers: The current process just got forked, after parallelism has already been used. Disabling parallelism to avoid deadlocks...
To disable this warning, you can either:
	- Avoid using `tokenizers` before the fork if possible
	- Explicitly set the environment variable TOKENIZERS_PARALLELISM=(true | false)
huggingface/tokenizers: The current process just got forked, after parallelism has already been used. Disabling parallelism to avoid deadlocks...
To disable this warning, you can either:
	- Avoid using `tokenizers` before the fork if possible
	- Explicitly set the environment variable TOKENIZERS_PARALLELISM=(true | false)
huggingface/tokenizers: The current process just got forked, after parallelism has already been used. Disabling parallelism to avoid deadlocks...
To disable this warning, you can either:
	- Avoid using `tokenizers` before the fork if possible
	- Explicitly set the environment variable TOKENIZERS_PARALLELISM=(true | false)

 94%|█████████▍| 1001/1062 [01:50<00:06,  9.06it/s]
 94%|█████████▍| 1002/1062 [02:47<00:11,  5.22it/s]
 94%|█████████▍| 1003/1062 [03:49<00:18,  3.15it/s]
 95%|█████████▍| 1004/1062 [04:53<00:29,  2.00it/s]
 95%|█████████▍| 1005/1062 [06:03<00:44,  1.27it/s]
                                                   

 95%|█████████▍| 1005/1062 [06:03<00:44,  1.27it/s]
 95%|█████████▍| 1006/1062 [07:07<01:04,  1.16s/it]
 95%|█████████▍| 1007/1062 [08:12<01:32,  1.68s/it]
 95%|█████████▍| 1008/1062 [09:16<02:10,  2.42s/it]
 95%|█████████▌| 1009/1062 [10:21<03:02,  3.44s/it]
 95%|█████████▌| 1010/1062 [11:25<04:11,  4.84s/it]
                                                   

 95%|█████████▌| 1010/1062 [11:25<04:11,  4.84s/it]
 95%|█████████▌| 1011/1062 [12:29<05:43,  6.73s/it]
 95%|█████████▌| 1012/1062 [13:35<07:43,  9.26s/it]
 95%|█████████▌| 1013/1062 [14:39<10:12, 12.49s/it]
 95%|█████████▌| 1014/1062 [15:44<13:11, 16.48s/it]
 96%|█████████▌| 1015/1062 [16:49<16:41, 21.31s/it]
                                                   

 96%|█████████▌| 1015/1062 [16:49<16:41, 21.31s/it]
 96%|█████████▌| 1016/1062 [17:54<20:30, 26.75s/it]
 96%|█████████▌| 1017/1062 [18:59<24:20, 32.44s/it]
 96%|█████████▌| 1018/1062 [20:03<27:54, 38.06s/it]
 96%|█████████▌| 1019/1062 [21:08<31:08, 43.46s/it]
 96%|█████████▌| 1020/1062 [22:13<33:50, 48.35s/it]
                                                   

 96%|█████████▌| 1020/1062 [22:13<33:50, 48.35s/it]
 96%|█████████▌| 1021/1062 [23:18<35:45, 52.32s/it]
 96%|█████████▌| 1022/1062 [24:23<36:59, 55.49s/it]
 96%|█████████▋| 1023/1062 [25:28<37:47, 58.15s/it]
 96%|█████████▋| 1024/1062 [26:32<37:54, 59.85s/it]
 97%|█████████▋| 1025/1062 [27:37<37:51, 61.38s/it]
                                                   

 97%|█████████▋| 1025/1062 [27:37<37:51, 61.38s/it]
 97%|█████████▋| 1026/1062 [28:42<37:26, 62.39s/it]
 97%|█████████▋| 1027/1062 [29:47<36:48, 63.11s/it]
 97%|█████████▋| 1028/1062 [30:52<36:05, 63.69s/it]
 97%|█████████▋| 1029/1062 [31:58<35:19, 64.22s/it]
 97%|█████████▋| 1030/1062 [33:02<34:13, 64.18s/it]
                                                   

 97%|█████████▋| 1030/1062 [33:02<34:13, 64.18s/it]
 97%|█████████▋| 1031/1062 [34:07<33:19, 64.49s/it]
 97%|█████████▋| 1032/1062 [35:12<32:17, 64.59s/it]
 97%|█████████▋| 1033/1062 [36:17<31:16, 64.71s/it]
 97%|█████████▋| 1034/1062 [37:20<30:01, 64.35s/it]
 97%|█████████▋| 1035/1062 [38:25<28:59, 64.43s/it]
                                                   

 97%|█████████▋| 1035/1062 [38:25<28:59, 64.43s/it]
 98%|█████████▊| 1036/1062 [39:29<27:48, 64.18s/it]
 98%|█████████▊| 1037/1062 [40:33<26:48, 64.35s/it]
 98%|█████████▊| 1038/1062 [41:38<25:49, 64.56s/it]
 98%|█████████▊| 1039/1062 [42:44<24:53, 64.93s/it]
 98%|█████████▊| 1040/1062 [43:49<23:49, 65.00s/it]
                                                   

 98%|█████████▊| 1040/1062 [43:49<23:49, 65.00s/it]
 98%|█████████▊| 1041/1062 [44:55<22:46, 65.09s/it]
 98%|█████████▊| 1042/1062 [46:00<21:43, 65.17s/it]
 98%|█████████▊| 1043/1062 [47:05<20:35, 65.05s/it]
 98%|█████████▊| 1044/1062 [48:09<19:23, 64.65s/it]
 98%|█████████▊| 1045/1062 [49:14<18:22, 64.83s/it]
                                                   

 98%|█████████▊| 1045/1062 [49:14<18:22, 64.83s/it]
 98%|█████████▊| 1046/1062 [50:19<17:19, 64.96s/it]
 99%|█████████▊| 1047/1062 [51:24<16:13, 64.92s/it]
 99%|█████████▊| 1048/1062 [52:25<14:51, 63.67s/it]
 99%|█████████▉| 1049/1062 [53:30<13:52, 64.08s/it]
 99%|█████████▉| 1050/1062 [54:34<12:51, 64.26s/it]
                                                   

 99%|█████████▉| 1050/1062 [54:34<12:51, 64.26s/it]{'loss': 0.6286, 'grad_norm': 3.3780529499053955, 'learning_rate': 1.1900191938579655e-05, 'epoch': 1.89}
{'loss': 0.6104, 'grad_norm': 3.373339891433716, 'learning_rate': 1.0940499040307102e-05, 'epoch': 1.9}
{'loss': 0.649, 'grad_norm': 4.191980361938477, 'learning_rate': 9.98080614203455e-06, 'epoch': 1.91}
{'loss': 0.5852, 'grad_norm': 1.6668345928192139, 'learning_rate': 9.021113243761997e-06, 'epoch': 1.92}
{'loss': 0.631, 'grad_norm': 1.988328218460083, 'learning_rate': 8.061420345489444e-06, 'epoch': 1.93}
{'loss': 0.6378, 'grad_norm': 1.508058786392212, 'learning_rate': 7.101727447216891e-06, 'epoch': 1.94}
{'loss': 0.585, 'grad_norm': 8.040037155151367, 'learning_rate': 6.142034548944338e-06, 'epoch': 1.95}
{'loss': 0.6193, 'grad_norm': 5.864566326141357, 'learning_rate': 5.182341650671786e-06, 'epoch': 1.96}
{'loss': 0.635, 'grad_norm': 5.2281813621521, 'learning_rate': 4.222648752399233e-06, 'epoch': 1.97}
{'loss': 0.6209, 'grad_norm': 3.6617777347564697, 'learning_rate': 3.2629558541266794e-06, 'epoch': 1.98}
huggingface/tokenizers: The current process just got forked, after parallelism has already been used. Disabling parallelism to avoid deadlocks...
To disable this warning, you can either:
	- Avoid using `tokenizers` before the fork if possible
	- Explicitly set the environment variable TOKENIZERS_PARALLELISM=(true | false)
huggingface/tokenizers: The current process just got forked, after parallelism has already been used. Disabling parallelism to avoid deadlocks...
To disable this warning, you can either:
	- Avoid using `tokenizers` before the fork if possible
	- Explicitly set the environment variable TOKENIZERS_PARALLELISM=(true | false)
huggingface/tokenizers: The current process just got forked, after parallelism has already been used. Disabling parallelism to avoid deadlocks...
To disable this warning, you can either:
	- Avoid using `tokenizers` before the fork if possible
	- Explicitly set the environment variable TOKENIZERS_PARALLELISM=(true | false)
huggingface/tokenizers: The current process just got forked, after parallelism has already been used. Disabling parallelism to avoid deadlocks...
To disable this warning, you can either:
	- Avoid using `tokenizers` before the fork if possible
	- Explicitly set the environment variable TOKENIZERS_PARALLELISM=(true | false)
huggingface/tokenizers: The current process just got forked, after parallelism has already been used. Disabling parallelism to avoid deadlocks...
To disable this warning, you can either:
	- Avoid using `tokenizers` before the fork if possible
	- Explicitly set the environment variable TOKENIZERS_PARALLELISM=(true | false)
huggingface/tokenizers: The current process just got forked, after parallelism has already been used. Disabling parallelism to avoid deadlocks...
To disable this warning, you can either:
	- Avoid using `tokenizers` before the fork if possible
	- Explicitly set the environment variable TOKENIZERS_PARALLELISM=(true | false)
huggingface/tokenizers: The current process just got forked, after parallelism has already been used. Disabling parallelism to avoid deadlocks...
To disable this warning, you can either:
	- Avoid using `tokenizers` before the fork if possible
	- Explicitly set the environment variable TOKENIZERS_PARALLELISM=(true | false)
huggingface/tokenizers: The current process just got forked, after parallelism has already been used. Disabling parallelism to avoid deadlocks...
To disable this warning, you can either:
	- Avoid using `tokenizers` before the fork if possible
	- Explicitly set the environment variable TOKENIZERS_PARALLELISM=(true | false)


  0%|          | 0/219 [00:00<?, ?it/s][A

  1%|          | 2/219 [00:08<15:58,  4.42s/it][A

  1%|▏         | 3/219 [00:18<23:15,  6.46s/it][A

  2%|▏         | 4/219 [00:27<26:43,  7.46s/it][A

  2%|▏         | 5/219 [00:36<28:41,  8.04s/it][A

  3%|▎         | 6/219 [00:45<29:48,  8.40s/it][A

  3%|▎         | 7/219 [00:54<30:36,  8.66s/it][A

  4%|▎         | 8/219 [01:03<31:01,  8.82s/it][A

  4%|▍         | 9/219 [01:13<31:23,  8.97s/it][A

  5%|▍         | 10/219 [01:22<31:31,  9.05s/it][A

  5%|▌         | 11/219 [01:31<31:37,  9.12s/it][A

  5%|▌         | 12/219 [01:41<31:48,  9.22s/it][A

  6%|▌         | 13/219 [01:50<31:33,  9.19s/it][A

  6%|▋         | 14/219 [01:59<31:23,  9.19s/it][A

  7%|▋         | 15/219 [02:08<31:06,  9.15s/it][A

  7%|▋         | 16/219 [02:17<31:03,  9.18s/it][A

  8%|▊         | 17/219 [02:27<30:55,  9.18s/it][A

  8%|▊         | 18/219 [02:36<30:58,  9.25s/it][A

  9%|▊         | 19/219 [02:45<30:42,  9.21s/it][A

  9%|▉         | 20/219 [02:54<30:37,  9.23s/it][A

 10%|▉         | 21/219 [03:03<30:19,  9.19s/it][A

 10%|█         | 22/219 [03:12<29:54,  9.11s/it][A

 11%|█         | 23/219 [03:22<30:11,  9.24s/it][A

 11%|█         | 24/219 [03:31<30:04,  9.25s/it][A

 11%|█▏        | 25/219 [03:40<29:58,  9.27s/it][A

 12%|█▏        | 26/219 [03:50<29:42,  9.23s/it][A

 12%|█▏        | 27/219 [03:59<29:32,  9.23s/it][A

 13%|█▎        | 28/219 [04:08<29:28,  9.26s/it][A

 13%|█▎        | 29/219 [04:17<29:01,  9.17s/it][A

 14%|█▎        | 30/219 [04:26<29:04,  9.23s/it][A

 14%|█▍        | 31/219 [04:36<28:59,  9.25s/it][A

 15%|█▍        | 32/219 [04:45<28:55,  9.28s/it][A

 15%|█▌        | 33/219 [04:54<28:39,  9.25s/it][A

 16%|█▌        | 34/219 [05:03<28:13,  9.15s/it][A

 16%|█▌        | 35/219 [05:13<28:15,  9.22s/it][A

 16%|█▋        | 36/219 [05:22<28:19,  9.28s/it][A

 17%|█▋        | 37/219 [05:31<28:06,  9.27s/it][A

 17%|█▋        | 38/219 [05:41<28:06,  9.32s/it][A

 18%|█▊        | 39/219 [05:50<27:39,  9.22s/it][A

 18%|█▊        | 40/219 [05:59<27:24,  9.19s/it][A

 19%|█▊        | 41/219 [06:08<27:23,  9.23s/it][A

 19%|█▉        | 42/219 [06:17<27:19,  9.27s/it][A

 20%|█▉        | 43/219 [06:27<27:07,  9.25s/it][A

 20%|██        | 44/219 [06:36<27:00,  9.26s/it][A

 21%|██        | 45/219 [06:45<26:47,  9.24s/it][A

 21%|██        | 46/219 [06:55<26:47,  9.29s/it][A

 21%|██▏       | 47/219 [07:04<26:31,  9.25s/it][A

 22%|██▏       | 48/219 [07:13<26:32,  9.32s/it][A

 22%|██▏       | 49/219 [07:22<26:00,  9.18s/it][A

 23%|██▎       | 50/219 [07:31<26:03,  9.25s/it][A

 23%|██▎       | 51/219 [07:41<25:51,  9.24s/it][A

 24%|██▎       | 52/219 [07:50<25:52,  9.29s/it][A

 24%|██▍       | 53/219 [07:59<25:33,  9.24s/it][A

 25%|██▍       | 54/219 [08:09<25:27,  9.25s/it][A

 25%|██▌       | 55/219 [08:18<25:19,  9.27s/it][A

 26%|██▌       | 56/219 [08:27<25:07,  9.25s/it][A

 26%|██▌       | 57/219 [08:36<24:47,  9.18s/it][A

 26%|██▋       | 58/219 [08:45<24:43,  9.21s/it][A

 27%|██▋       | 59/219 [08:55<24:33,  9.21s/it][A

 27%|██▋       | 60/219 [09:04<24:34,  9.27s/it][A

 28%|██▊       | 61/219 [09:13<24:28,  9.30s/it][A

 28%|██▊       | 62/219 [09:22<24:06,  9.21s/it][A

 29%|██▉       | 63/219 [09:32<24:04,  9.26s/it][A

 29%|██▉       | 64/219 [09:41<24:04,  9.32s/it][A

 30%|██▉       | 65/219 [09:50<23:44,  9.25s/it][A

 30%|███       | 66/219 [09:59<23:34,  9.25s/it][A

 31%|███       | 67/219 [10:09<23:30,  9.28s/it][A

 31%|███       | 68/219 [10:18<23:13,  9.23s/it][A

 32%|███▏      | 69/219 [10:28<23:19,  9.33s/it][A

 32%|███▏      | 70/219 [10:37<23:09,  9.33s/it][A

 32%|███▏      | 71/219 [10:46<22:56,  9.30s/it][A

 33%|███▎      | 72/219 [10:55<22:42,  9.27s/it][A

 33%|███▎      | 73/219 [11:05<22:34,  9.28s/it][A

 34%|███▍      | 74/219 [11:14<22:11,  9.18s/it][A

 34%|███▍      | 75/219 [11:23<22:06,  9.21s/it][A

 35%|███▍      | 76/219 [11:32<21:58,  9.22s/it][A

 35%|███▌      | 77/219 [11:41<21:54,  9.26s/it][A

 36%|███▌      | 78/219 [11:51<21:45,  9.26s/it][A

 36%|███▌      | 79/219 [12:00<21:42,  9.30s/it][A

 37%|███▋      | 80/219 [12:09<21:16,  9.18s/it][A

 37%|███▋      | 81/219 [12:18<21:09,  9.20s/it][A

 37%|███▋      | 82/219 [12:28<21:09,  9.27s/it][A

 38%|███▊      | 83/219 [12:37<21:06,  9.31s/it][A

 38%|███▊      | 84/219 [12:46<20:48,  9.25s/it][A

 39%|███▉      | 85/219 [12:56<20:45,  9.30s/it][A

 39%|███▉      | 86/219 [13:05<20:33,  9.27s/it][A

 40%|███▉      | 87/219 [13:14<20:19,  9.24s/it][A

 40%|████      | 88/219 [13:23<20:08,  9.23s/it][A

 41%|████      | 89/219 [13:32<19:56,  9.20s/it][A

 41%|████      | 90/219 [13:42<19:54,  9.26s/it][A

 42%|████▏     | 91/219 [13:51<19:38,  9.21s/it][A

 42%|████▏     | 92/219 [14:00<19:33,  9.24s/it][A

 42%|████▏     | 93/219 [14:09<19:28,  9.28s/it][A

 43%|████▎     | 94/219 [14:19<19:13,  9.23s/it][A

 43%|████▎     | 95/219 [14:28<19:06,  9.25s/it][A

 44%|████▍     | 96/219 [14:37<18:50,  9.19s/it][A

 44%|████▍     | 97/219 [14:46<18:46,  9.23s/it][A

 45%|████▍     | 98/219 [14:55<18:36,  9.23s/it][A

 45%|████▌     | 99/219 [15:05<18:38,  9.32s/it][A

 46%|████▌     | 100/219 [15:14<18:22,  9.27s/it][A

 46%|████▌     | 101/219 [15:24<18:44,  9.53s/it][A

 47%|████▋     | 102/219 [15:37<20:27, 10.49s/it][A

 47%|████▋     | 103/219 [15:46<19:37, 10.15s/it][A

 47%|████▋     | 104/219 [15:56<18:56,  9.88s/it][A

 48%|████▊     | 105/219 [16:05<18:13,  9.59s/it][A

 48%|████▊     | 106/219 [16:14<17:46,  9.44s/it][A

 49%|████▉     | 107/219 [16:23<17:24,  9.32s/it][A

 49%|████▉     | 108/219 [16:32<17:13,  9.31s/it][A

 50%|████▉     | 109/219 [16:41<17:03,  9.31s/it][A

 50%|█████     | 110/219 [16:50<16:47,  9.24s/it][A

 51%|█████     | 111/219 [17:00<16:40,  9.27s/it][A

 51%|█████     | 112/219 [17:09<16:38,  9.33s/it][A

 52%|█████▏    | 113/219 [17:18<16:23,  9.28s/it][A

 52%|█████▏    | 114/219 [17:27<16:11,  9.25s/it][A

 53%|█████▎    | 115/219 [17:37<16:07,  9.30s/it][A

 53%|█████▎    | 116/219 [17:46<15:55,  9.28s/it][A

 53%|█████▎    | 117/219 [17:55<15:46,  9.28s/it][A

 54%|█████▍    | 118/219 [18:05<15:39,  9.30s/it][A

 54%|█████▍    | 119/219 [18:14<15:23,  9.24s/it][A

 55%|█████▍    | 120/219 [18:23<15:10,  9.20s/it][A

 55%|█████▌    | 121/219 [18:32<15:07,  9.26s/it][A

 56%|█████▌    | 122/219 [18:41<14:51,  9.19s/it][A

 56%|█████▌    | 123/219 [18:50<14:40,  9.17s/it][A

 57%|█████▋    | 124/219 [19:00<14:32,  9.19s/it][A

 57%|█████▋    | 125/219 [19:09<14:25,  9.21s/it][A

 58%|█████▊    | 126/219 [19:18<14:20,  9.25s/it][A

 58%|█████▊    | 127/219 [19:27<14:06,  9.20s/it][A

 58%|█████▊    | 128/219 [19:37<13:55,  9.18s/it][A

 59%|█████▉    | 129/219 [19:46<13:49,  9.22s/it][A

 59%|█████▉    | 130/219 [19:55<13:46,  9.29s/it][A

 60%|█████▉    | 131/219 [20:04<13:30,  9.21s/it][A

 60%|██████    | 132/219 [20:13<13:18,  9.18s/it][A

 61%|██████    | 133/219 [20:23<13:14,  9.24s/it][A

 61%|██████    | 134/219 [20:32<13:02,  9.21s/it][A

 62%|██████▏   | 135/219 [20:41<12:52,  9.19s/it][A

 62%|██████▏   | 136/219 [20:51<12:50,  9.28s/it][A

 63%|██████▎   | 137/219 [21:00<12:40,  9.27s/it][A

 63%|██████▎   | 138/219 [21:09<12:26,  9.22s/it][A

 63%|██████▎   | 139/219 [21:18<12:13,  9.17s/it][A

 64%|██████▍   | 140/219 [21:27<12:03,  9.16s/it][A

 64%|██████▍   | 141/219 [21:36<11:59,  9.22s/it][A

 65%|██████▍   | 142/219 [21:46<11:54,  9.28s/it][A

 65%|██████▌   | 143/219 [21:55<11:43,  9.25s/it][A

 66%|██████▌   | 144/219 [22:04<11:31,  9.23s/it][A

 66%|██████▌   | 145/219 [22:14<11:24,  9.25s/it][A

 67%|██████▋   | 146/219 [22:23<11:21,  9.33s/it][A

 67%|██████▋   | 147/219 [22:32<11:09,  9.30s/it][A

 68%|██████▊   | 148/219 [22:41<10:57,  9.27s/it][A

 68%|██████▊   | 149/219 [22:51<10:48,  9.26s/it][A

 68%|██████▊   | 150/219 [23:00<10:42,  9.31s/it][A

 69%|██████▉   | 151/219 [23:10<10:34,  9.33s/it][A

 69%|██████▉   | 152/219 [23:19<10:25,  9.34s/it][A

 70%|██████▉   | 153/219 [23:28<10:10,  9.25s/it][A

 70%|███████   | 154/219 [23:37<09:57,  9.19s/it][A

 71%|███████   | 155/219 [23:47<09:55,  9.30s/it][A

 71%|███████   | 156/219 [23:56<09:46,  9.30s/it][A

 72%|███████▏  | 157/219 [24:05<09:32,  9.24s/it][A

 72%|███████▏  | 158/219 [24:14<09:26,  9.28s/it][A

 73%|███████▎  | 159/219 [24:24<09:15,  9.26s/it][A

 73%|███████▎  | 160/219 [24:33<09:06,  9.27s/it][A

 74%|███████▎  | 161/219 [24:42<08:54,  9.22s/it][A

 74%|███████▍  | 162/219 [24:51<08:48,  9.27s/it][A

 74%|███████▍  | 163/219 [25:01<08:38,  9.26s/it][A

 75%|███████▍  | 164/219 [25:10<08:25,  9.19s/it][A

 75%|███████▌  | 165/219 [25:19<08:17,  9.21s/it][A

 76%|███████▌  | 166/219 [25:28<08:09,  9.24s/it][A

 76%|███████▋  | 167/219 [25:37<08:01,  9.25s/it][A

 77%|███████▋  | 168/219 [25:47<07:51,  9.24s/it][A

 77%|███████▋  | 169/219 [25:56<07:44,  9.29s/it][A

 78%|███████▊  | 170/219 [26:05<07:33,  9.25s/it][A

 78%|███████▊  | 171/219 [26:15<07:27,  9.32s/it][A

 79%|███████▊  | 172/219 [26:24<07:17,  9.31s/it][A

 79%|███████▉  | 173/219 [26:33<07:06,  9.27s/it][A

 79%|███████▉  | 174/219 [26:42<06:56,  9.27s/it][A

 80%|███████▉  | 175/219 [26:52<06:46,  9.23s/it][A

 80%|████████  | 176/219 [27:01<06:35,  9.20s/it][A

 81%|████████  | 177/219 [27:10<06:25,  9.17s/it][A

 81%|████████▏ | 178/219 [27:19<06:16,  9.18s/it][A

 82%|████████▏ | 179/219 [27:28<06:06,  9.15s/it][A

 82%|████████▏ | 180/219 [27:38<06:00,  9.23s/it][A

 83%|████████▎ | 181/219 [27:47<05:51,  9.24s/it][A

 83%|████████▎ | 182/219 [27:56<05:42,  9.25s/it][A

 84%|████████▎ | 183/219 [28:05<05:29,  9.14s/it][A

 84%|████████▍ | 184/219 [28:14<05:20,  9.15s/it][A

 84%|████████▍ | 185/219 [28:23<05:12,  9.20s/it][A

 85%|████████▍ | 186/219 [28:33<05:03,  9.19s/it][A

 85%|████████▌ | 187/219 [28:42<04:53,  9.18s/it][A

 86%|████████▌ | 188/219 [28:51<04:45,  9.22s/it][A

 86%|████████▋ | 189/219 [29:00<04:37,  9.25s/it][A

 87%|████████▋ | 190/219 [29:10<04:27,  9.22s/it][A

 87%|████████▋ | 191/219 [29:19<04:19,  9.28s/it][A

 88%|████████▊ | 192/219 [29:28<04:08,  9.22s/it][A

 88%|████████▊ | 193/219 [29:37<04:00,  9.24s/it][A

 89%|████████▊ | 194/219 [29:46<03:49,  9.16s/it][A

 89%|████████▉ | 195/219 [29:56<03:41,  9.23s/it][A

 89%|████████▉ | 196/219 [30:05<03:33,  9.29s/it][A

 90%|████████▉ | 197/219 [30:14<03:21,  9.17s/it][A

 90%|█████████ | 198/219 [30:23<03:14,  9.26s/it][A

 91%|█████████ | 199/219 [30:33<03:04,  9.24s/it][A

 91%|█████████▏| 200/219 [30:42<02:56,  9.31s/it][A

 92%|█████████▏| 201/219 [30:50<02:41,  8.97s/it][A

 92%|█████████▏| 202/219 [30:59<02:29,  8.82s/it][A

 93%|█████████▎| 203/219 [31:07<02:19,  8.74s/it][A

 93%|█████████▎| 204/219 [31:16<02:10,  8.73s/it][A

 94%|█████████▎| 205/219 [31:25<02:02,  8.78s/it][A

 94%|█████████▍| 206/219 [31:34<01:55,  8.85s/it][A

 95%|█████████▍| 207/219 [31:43<01:47,  8.93s/it][A

 95%|█████████▍| 208/219 [31:52<01:38,  8.91s/it][A

 95%|█████████▌| 209/219 [32:01<01:29,  9.00s/it][A

 96%|█████████▌| 210/219 [32:10<01:21,  9.06s/it][A

 96%|█████████▋| 211/219 [32:19<01:12,  9.05s/it][A

 97%|█████████▋| 212/219 [32:28<01:03,  9.03s/it][A

 97%|█████████▋| 213/219 [32:38<00:54,  9.11s/it][A

 98%|█████████▊| 214/219 [32:47<00:45,  9.08s/it][A

 98%|█████████▊| 215/219 [32:56<00:36,  9.12s/it][A

 99%|█████████▊| 216/219 [33:05<00:27,  9.09s/it][A

 99%|█████████▉| 217/219 [33:14<00:18,  9.13s/it][A

100%|█████████▉| 218/219 [33:23<00:09,  9.12s/it][A

100%|██████████| 219/219 [33:30<00:00,  8.48s/it][A
                                                   

                                                 
[A
 99%|█████████▉| 1050/1062 [1:28:17<12:51, 64.26s/it]

100%|██████████| 219/219 [33:32<00:00,  8.48s/it][A

                                                 [A
 99%|█████████▉| 1051/1062 [1:29:25<2:03:15, 672.30s/it]
 99%|█████████▉| 1052/1062 [1:30:30<1:21:38, 489.86s/it]
 99%|█████████▉| 1053/1062 [1:31:35<54:21, 362.43s/it]  
 99%|█████████▉| 1054/1062 [1:32:40<36:27, 273.38s/it]
 99%|█████████▉| 1055/1062 [1:33:45<24:36, 210.94s/it]
                                                      

 99%|█████████▉| 1055/1062 [1:33:46<24:36, 210.94s/it]
 99%|█████████▉| 1056/1062 [1:34:50<16:42, 167.15s/it]
100%|█████████▉| 1057/1062 [1:35:55<11:21, 136.40s/it]
100%|█████████▉| 1058/1062 [1:37:01<07:40, 115.15s/it]
100%|█████████▉| 1059/1062 [1:38:06<05:00, 100.22s/it]
100%|█████████▉| 1060/1062 [1:39:11<02:59, 89.65s/it] 
                                                     

100%|█████████▉| 1060/1062 [1:39:11<02:59, 89.65s/it]
100%|█████████▉| 1061/1062 [1:40:16<01:22, 82.35s/it]
100%|██████████| 1062/1062 [1:41:21<00:00, 76.96s/it]
                                                     

100%|██████████| 1062/1062 [1:41:21<00:00, 76.96s/it]
100%|██████████| 1062/1062 [1:41:21<00:00,  5.73s/it]
{'eval_loss': 0.5902964091300964, 'eval_acc': 0.6468571428571429, 'eval_log_loss': 0.590289603564097, 'eval_runtime': 2022.6562, 'eval_samples_per_second': 3.461, 'eval_steps_per_second': 0.108, 'epoch': 1.98}
{'loss': 0.6242, 'grad_norm': 4.268391132354736, 'learning_rate': 2.303262955854127e-06, 'epoch': 1.99}
{'loss': 0.6029, 'grad_norm': 1.8830466270446777, 'learning_rate': 1.343570057581574e-06, 'epoch': 2.0}
{'train_runtime': 6081.9318, 'train_samples_per_second': 11.181, 'train_steps_per_second': 0.175, 'train_loss': 0.03650646458911357, 'epoch': 2.0}
huggingface/tokenizers: The current process just got forked, after parallelism has already been used. Disabling parallelism to avoid deadlocks...
huggingface/tokenizers: The current process just got forked, after parallelism has already been used. Disabling parallelism to avoid deadlocks...
huggingface/tokenizers: The current process just got forked, after parallelism has already been used. Disabling parallelism to avoid deadlocks...
To disable this warning, you can either:
To disable this warning, you can either:
To disable this warning, you can either:
	- Avoid using `tokenizers` before the fork if possible
	- Explicitly set the environment variable 	- Avoid using `tokenizers` before the fork if possible
	- Explicitly set the environment variable 	- Avoid using `tokenizers` before the fork if possible
	- Explicitly set the environment variable TOKENIZERS_PARALLELISMTOKENIZERS_PARALLELISMTOKENIZERS_PARALLELISM=(true | false)
=(true | false)
=(true | false)
huggingface/tokenizers: The current process just got forked, after parallelism has already been used. Disabling parallelism to avoid deadlocks...
To disable this warning, you can either:
	- Avoid using `tokenizers` before the fork if possible
	- Explicitly set the environment variable TOKENIZERS_PARALLELISM=(true | false)
huggingface/tokenizers: The current process just got forked, after parallelism has already been used. Disabling parallelism to avoid deadlocks...
To disable this warning, you can either:
	- Avoid using `tokenizers` before the fork if possible
	- Explicitly set the environment variable TOKENIZERS_PARALLELISM=(true | false)
huggingface/tokenizers: The current process just got forked, after parallelism has already been used. Disabling parallelism to avoid deadlocks...
To disable this warning, you can either:
	- Avoid using `tokenizers` before the fork if possible
	- Explicitly set the environment variable TOKENIZERS_PARALLELISM=(true | false)
huggingface/tokenizers: The current process just got forked, after parallelism has already been used. Disabling parallelism to avoid deadlocks...
To disable this warning, you can either:
	- Avoid using `tokenizers` before the fork if possible
	- Explicitly set the environment variable TOKENIZERS_PARALLELISM=(true | false)
huggingface/tokenizers: The current process just got forked, after parallelism has already been used. Disabling parallelism to avoid deadlocks...
To disable this warning, you can either:
	- Avoid using `tokenizers` before the fork if possible
	- Explicitly set the environment variable TOKENIZERS_PARALLELISM=(true | false)

  0%|          | 0/219 [00:00<?, ?it/s]
  1%|          | 2/219 [00:08<14:42,  4.07s/it]
  1%|▏         | 3/219 [00:16<21:10,  5.88s/it]
  2%|▏         | 4/219 [00:25<24:48,  6.93s/it]
  2%|▏         | 5/219 [00:34<27:12,  7.63s/it]
  3%|▎         | 6/219 [00:43<29:08,  8.21s/it]
  3%|▎         | 7/219 [00:52<29:39,  8.39s/it]
  4%|▎         | 8/219 [01:01<30:34,  8.69s/it]
  4%|▍         | 9/219 [01:11<31:12,  8.92s/it]
  5%|▍         | 10/219 [01:20<31:16,  8.98s/it]
  5%|▌         | 11/219 [01:29<31:14,  9.01s/it]
  5%|▌         | 12/219 [01:38<31:11,  9.04s/it]
  6%|▌         | 13/219 [01:47<31:01,  9.04s/it]
  6%|▋         | 14/219 [01:56<31:09,  9.12s/it]
  7%|▋         | 15/219 [02:06<31:21,  9.23s/it]
  7%|▋         | 16/219 [02:15<31:16,  9.24s/it]
  8%|▊         | 17/219 [02:24<30:58,  9.20s/it]
  8%|▊         | 18/219 [02:33<30:38,  9.15s/it]
  9%|▊         | 19/219 [02:43<30:49,  9.25s/it]
  9%|▉         | 20/219 [02:52<30:27,  9.18s/it]
 10%|▉         | 21/219 [03:01<30:13,  9.16s/it]
 10%|█         | 22/219 [03:10<30:14,  9.21s/it]
 11%|█         | 23/219 [03:19<30:00,  9.19s/it]
 11%|█         | 24/219 [03:28<29:47,  9.17s/it]
 11%|█▏        | 25/219 [03:38<29:54,  9.25s/it]
 12%|█▏        | 26/219 [03:47<29:20,  9.12s/it]
 12%|█▏        | 27/219 [03:56<29:24,  9.19s/it]
 13%|█▎        | 28/219 [04:05<29:22,  9.23s/it]
 13%|█▎        | 29/219 [04:14<29:13,  9.23s/it]
 14%|█▎        | 30/219 [04:24<29:04,  9.23s/it]
 14%|█▍        | 31/219 [04:33<28:52,  9.22s/it]
 15%|█▍        | 32/219 [04:42<28:30,  9.15s/it]
 15%|█▌        | 33/219 [04:51<28:33,  9.21s/it]
 16%|█▌        | 34/219 [05:00<28:15,  9.17s/it]
 16%|█▌        | 35/219 [05:10<28:13,  9.20s/it]
 16%|█▋        | 36/219 [05:19<27:56,  9.16s/it]
 17%|█▋        | 37/219 [05:28<27:57,  9.22s/it]
 17%|█▋        | 38/219 [05:37<27:59,  9.28s/it]
 18%|█▊        | 39/219 [05:46<27:34,  9.19s/it]
 18%|█▊        | 40/219 [05:55<27:16,  9.14s/it]
 19%|█▊        | 41/219 [06:05<27:16,  9.19s/it]
 19%|█▉        | 42/219 [06:14<27:04,  9.18s/it]
 20%|█▉        | 43/219 [06:23<27:05,  9.24s/it]
 20%|██        | 44/219 [06:32<26:46,  9.18s/it]
 21%|██        | 45/219 [06:42<26:38,  9.18s/it]
 21%|██        | 46/219 [06:51<26:47,  9.29s/it]
 21%|██▏       | 47/219 [07:00<26:26,  9.22s/it]
 22%|██▏       | 48/219 [07:09<26:13,  9.20s/it]
 22%|██▏       | 49/219 [07:18<26:01,  9.18s/it]
 23%|██▎       | 50/219 [07:28<26:12,  9.30s/it]
 23%|██▎       | 51/219 [07:37<25:59,  9.28s/it]
 24%|██▎       | 52/219 [07:46<25:40,  9.22s/it]
 24%|██▍       | 53/219 [07:56<25:37,  9.26s/it]
 25%|██▍       | 54/219 [08:05<25:19,  9.21s/it]
 25%|██▌       | 55/219 [08:14<25:18,  9.26s/it]
 26%|██▌       | 56/219 [08:23<25:01,  9.21s/it]
 26%|██▌       | 57/219 [08:33<24:57,  9.25s/it]
 26%|██▋       | 58/219 [08:42<24:51,  9.27s/it]
 27%|██▋       | 59/219 [08:51<24:51,  9.32s/it]
 27%|██▋       | 60/219 [09:00<24:33,  9.27s/it]
 28%|██▊       | 61/219 [09:10<24:31,  9.31s/it]
 28%|██▊       | 62/219 [09:19<24:06,  9.21s/it]
 29%|██▉       | 63/219 [09:28<24:02,  9.24s/it]
 29%|██▉       | 64/219 [09:37<23:51,  9.23s/it]
 30%|██▉       | 65/219 [09:47<23:38,  9.21s/it]
 30%|███       | 66/219 [09:56<23:37,  9.27s/it]
 31%|███       | 67/219 [10:05<23:37,  9.32s/it]
 31%|███       | 68/219 [10:15<23:21,  9.28s/it]
 32%|███▏      | 69/219 [10:24<23:08,  9.26s/it]
 32%|███▏      | 70/219 [10:33<22:59,  9.26s/it]
 32%|███▏      | 71/219 [10:42<22:38,  9.18s/it]
 33%|███▎      | 72/219 [10:51<22:23,  9.14s/it]
 33%|███▎      | 73/219 [11:01<22:27,  9.23s/it]
 34%|███▍      | 74/219 [11:10<22:15,  9.21s/it]
 34%|███▍      | 75/219 [11:19<22:14,  9.26s/it]
 35%|███▍      | 76/219 [11:28<22:06,  9.28s/it]
 35%|███▌      | 77/219 [11:38<21:52,  9.24s/it]
 36%|███▌      | 78/219 [11:47<21:33,  9.17s/it]
 36%|███▌      | 79/219 [11:56<21:22,  9.16s/it]
 37%|███▋      | 80/219 [12:05<21:24,  9.24s/it]
 37%|███▋      | 81/219 [12:15<21:26,  9.32s/it]
 37%|███▋      | 82/219 [12:24<21:11,  9.28s/it]
 38%|███▊      | 83/219 [12:33<20:56,  9.24s/it]
 38%|███▊      | 84/219 [12:42<20:53,  9.29s/it]
 39%|███▉      | 85/219 [12:52<20:39,  9.25s/it]
 39%|███▉      | 86/219 [13:01<20:31,  9.26s/it]
 40%|███▉      | 87/219 [13:10<20:10,  9.17s/it]
 40%|████      | 88/219 [13:19<20:02,  9.18s/it]
 41%|████      | 89/219 [13:29<20:12,  9.33s/it]
 41%|████      | 90/219 [13:38<19:56,  9.27s/it]
 42%|████▏     | 91/219 [13:47<19:41,  9.23s/it]
 42%|████▏     | 92/219 [13:56<19:35,  9.26s/it]
 42%|████▏     | 93/219 [14:05<19:23,  9.23s/it]
 43%|████▎     | 94/219 [14:15<19:10,  9.21s/it]
 43%|████▎     | 95/219 [14:24<18:53,  9.14s/it]
 44%|████▍     | 96/219 [14:33<19:01,  9.28s/it]
 44%|████▍     | 97/219 [14:42<18:47,  9.24s/it]
 45%|████▍     | 98/219 [14:52<18:40,  9.26s/it]
 45%|████▌     | 99/219 [15:01<18:35,  9.29s/it]
 46%|████▌     | 100/219 [15:10<18:23,  9.27s/it]
 46%|████▌     | 101/219 [15:19<18:13,  9.27s/it]
 47%|████▋     | 102/219 [15:29<17:58,  9.22s/it]
 47%|████▋     | 103/219 [15:38<17:52,  9.25s/it]
 47%|████▋     | 104/219 [15:47<17:52,  9.33s/it]
 48%|████▊     | 105/219 [15:56<17:33,  9.24s/it]
 48%|████▊     | 106/219 [16:06<17:21,  9.21s/it]
 49%|████▉     | 107/219 [16:15<17:10,  9.20s/it]
 49%|████▉     | 108/219 [16:24<17:00,  9.20s/it]
 50%|████▉     | 109/219 [16:33<16:58,  9.26s/it]
 50%|█████     | 110/219 [16:43<16:48,  9.26s/it]
 51%|█████     | 111/219 [16:52<16:42,  9.28s/it]
 51%|█████     | 112/219 [17:01<16:40,  9.35s/it]
 52%|█████▏    | 113/219 [17:11<16:25,  9.30s/it]
 52%|█████▏    | 114/219 [17:20<16:20,  9.34s/it]
 53%|█████▎    | 115/219 [17:30<16:19,  9.42s/it]
 53%|█████▎    | 116/219 [17:39<16:02,  9.35s/it]
 53%|█████▎    | 117/219 [17:48<15:47,  9.29s/it]
 54%|█████▍    | 118/219 [17:57<15:35,  9.27s/it]
 54%|█████▍    | 119/219 [18:06<15:26,  9.27s/it]
 55%|█████▍    | 120/219 [18:16<15:22,  9.32s/it]
 55%|█████▌    | 121/219 [18:25<15:07,  9.26s/it]
 56%|█████▌    | 122/219 [18:34<14:54,  9.22s/it]
 56%|█████▌    | 123/219 [18:44<14:49,  9.27s/it]
 57%|█████▋    | 124/219 [18:53<14:40,  9.26s/it]
 57%|█████▋    | 125/219 [19:02<14:29,  9.26s/it]
 58%|█████▊    | 126/219 [19:11<14:20,  9.25s/it]
 58%|█████▊    | 127/219 [19:21<14:16,  9.31s/it]
 58%|█████▊    | 128/219 [19:30<14:02,  9.25s/it]
 59%|█████▉    | 129/219 [19:39<13:57,  9.30s/it]
 59%|█████▉    | 130/219 [19:48<13:39,  9.21s/it]
 60%|█████▉    | 131/219 [19:58<13:33,  9.25s/it]
 60%|██████    | 132/219 [20:07<13:29,  9.30s/it]
 61%|██████    | 133/219 [20:16<13:21,  9.32s/it]
 61%|██████    | 134/219 [20:25<13:05,  9.24s/it]
 62%|██████▏   | 135/219 [20:35<12:55,  9.23s/it]
 62%|██████▏   | 136/219 [20:44<12:43,  9.20s/it]
 63%|██████▎   | 137/219 [20:53<12:38,  9.26s/it]
 63%|██████▎   | 138/219 [21:02<12:24,  9.19s/it]
 63%|██████▎   | 139/219 [21:11<12:16,  9.20s/it]
 64%|██████▍   | 140/219 [21:21<12:10,  9.25s/it]
 64%|██████▍   | 141/219 [21:30<12:01,  9.25s/it]
 65%|██████▍   | 142/219 [21:39<11:53,  9.27s/it]
 65%|██████▌   | 143/219 [21:49<11:44,  9.28s/it]
 66%|██████▌   | 144/219 [21:58<11:36,  9.29s/it]
 66%|██████▌   | 145/219 [22:07<11:29,  9.32s/it]
 67%|██████▋   | 146/219 [22:16<11:15,  9.25s/it]
 67%|██████▋   | 147/219 [22:26<11:08,  9.29s/it]
 68%|██████▊   | 148/219 [22:35<11:02,  9.34s/it]
 68%|██████▊   | 149/219 [22:45<10:50,  9.30s/it]
 68%|██████▊   | 150/219 [22:54<10:37,  9.24s/it]
 69%|██████▉   | 151/219 [23:03<10:31,  9.29s/it]
 69%|██████▉   | 152/219 [23:12<10:23,  9.31s/it]
 70%|██████▉   | 153/219 [23:21<10:09,  9.24s/it]
 70%|███████   | 154/219 [23:31<10:03,  9.28s/it]
 71%|███████   | 155/219 [23:40<09:49,  9.21s/it]
 71%|███████   | 156/219 [23:49<09:45,  9.29s/it]
 72%|███████▏  | 157/219 [23:59<09:37,  9.32s/it]
 72%|███████▏  | 158/219 [24:08<09:25,  9.28s/it]
 73%|███████▎  | 159/219 [24:17<09:15,  9.26s/it]
 73%|███████▎  | 160/219 [24:26<09:06,  9.27s/it]
 74%|███████▎  | 161/219 [24:36<08:58,  9.28s/it]
 74%|███████▍  | 162/219 [24:45<08:42,  9.17s/it]
 74%|███████▍  | 163/219 [24:54<08:39,  9.29s/it]
 75%|███████▍  | 164/219 [25:04<08:32,  9.31s/it]
 75%|███████▌  | 165/219 [25:13<08:27,  9.39s/it]
 76%|███████▌  | 166/219 [25:23<08:17,  9.38s/it]
 76%|███████▋  | 167/219 [25:32<08:06,  9.36s/it]
 77%|███████▋  | 168/219 [25:41<07:54,  9.30s/it]
 77%|███████▋  | 169/219 [25:50<07:44,  9.28s/it]
 78%|███████▊  | 170/219 [25:59<07:32,  9.24s/it]
 78%|███████▊  | 171/219 [26:09<07:23,  9.24s/it]
 79%|███████▊  | 172/219 [26:18<07:12,  9.20s/it]
 79%|███████▉  | 173/219 [26:27<07:04,  9.23s/it]
 79%|███████▉  | 174/219 [26:36<06:54,  9.21s/it]
 80%|███████▉  | 175/219 [26:45<06:46,  9.24s/it]
 80%|████████  | 176/219 [26:55<06:35,  9.20s/it]
 81%|████████  | 177/219 [27:04<06:27,  9.23s/it]
 81%|████████▏ | 178/219 [27:13<06:18,  9.22s/it]
 82%|████████▏ | 179/219 [27:22<06:09,  9.25s/it]
 82%|████████▏ | 180/219 [27:31<05:58,  9.19s/it]
 83%|████████▎ | 181/219 [27:41<05:51,  9.24s/it]
 83%|████████▎ | 182/219 [27:50<05:42,  9.25s/it]
 84%|████████▎ | 183/219 [28:00<05:37,  9.38s/it]
 84%|████████▍ | 184/219 [28:09<05:25,  9.29s/it]
 84%|████████▍ | 185/219 [28:18<05:16,  9.30s/it]
 85%|████████▍ | 186/219 [28:27<05:06,  9.29s/it]
 85%|████████▌ | 187/219 [28:37<04:56,  9.26s/it]
 86%|████████▌ | 188/219 [28:46<04:47,  9.26s/it]
 86%|████████▋ | 189/219 [28:55<04:38,  9.27s/it]
 87%|████████▋ | 190/219 [29:04<04:28,  9.25s/it]
 87%|████████▋ | 191/219 [29:14<04:19,  9.29s/it]
 88%|████████▊ | 192/219 [29:23<04:09,  9.26s/it]
 88%|████████▊ | 193/219 [29:32<04:01,  9.29s/it]
 89%|████████▊ | 194/219 [29:42<03:52,  9.29s/it]
 89%|████████▉ | 195/219 [29:51<03:42,  9.27s/it]
 89%|████████▉ | 196/219 [30:00<03:32,  9.23s/it]
 90%|████████▉ | 197/219 [30:09<03:24,  9.30s/it]
 90%|█████████ | 198/219 [30:18<03:12,  9.19s/it]
 91%|█████████ | 199/219 [30:28<03:04,  9.22s/it]
 91%|█████████▏| 200/219 [30:37<02:55,  9.23s/it]
 92%|█████████▏| 201/219 [30:46<02:47,  9.29s/it]
 92%|█████████▏| 202/219 [30:56<02:38,  9.32s/it]
 93%|█████████▎| 203/219 [31:05<02:27,  9.21s/it]
 93%|█████████▎| 204/219 [31:14<02:19,  9.29s/it]
 94%|█████████▎| 205/219 [31:23<02:09,  9.28s/it]
 94%|█████████▍| 206/219 [31:33<02:00,  9.27s/it]
 95%|█████████▍| 207/219 [31:42<01:51,  9.28s/it]
 95%|█████████▍| 208/219 [31:51<01:42,  9.30s/it]
 95%|█████████▌| 209/219 [32:00<01:32,  9.23s/it]
 96%|█████████▌| 210/219 [32:10<01:23,  9.23s/it]
 96%|█████████▋| 211/219 [32:19<01:14,  9.30s/it]
 97%|█████████▋| 212/219 [32:28<01:04,  9.28s/it]
 97%|█████████▋| 213/219 [32:38<00:55,  9.31s/it]
 98%|█████████▊| 214/219 [32:47<00:46,  9.24s/it]
 98%|█████████▊| 215/219 [32:56<00:37,  9.28s/it]
 99%|█████████▊| 216/219 [33:05<00:27,  9.24s/it]
 99%|█████████▉| 217/219 [33:14<00:18,  9.22s/it]
100%|█████████▉| 218/219 [33:24<00:09,  9.19s/it]
100%|██████████| 219/219 [33:30<00:00,  8.47s/it]
100%|██████████| 219/219 [33:30<00:00,  9.18s/it]
Accuracy: 0.6470

Map:   0%|          | 0/7439 [00:00<?, ? examples/s]
Map:  13%|█▎        | 1000/7439 [00:00<00:06, 1028.00 examples/s]
Map:  27%|██▋       | 2000/7439 [00:01<00:04, 1233.47 examples/s]
Map:  40%|████      | 3000/7439 [00:02<00:03, 1330.82 examples/s]
Map:  54%|█████▍    | 4000/7439 [00:03<00:02, 1391.40 examples/s]
Map:  67%|██████▋   | 5000/7439 [00:03<00:01, 1435.47 examples/s]
Map:  81%|████████  | 6000/7439 [00:04<00:00, 1443.38 examples/s]
Map:  94%|█████████▍| 7000/7439 [00:05<00:00, 1457.26 examples/s]
Map: 100%|██████████| 7439/7439 [00:05<00:00, 1441.34 examples/s]
Map: 100%|██████████| 7439/7439 [00:05<00:00, 1382.29 examples/s]
huggingface/tokenizers: The current process just got forked, after parallelism has already been used. Disabling parallelism to avoid deadlocks...
To disable this warning, you can either:
	- Avoid using `tokenizers` before the fork if possible
	- Explicitly set the environment variable TOKENIZERS_PARALLELISM=(true | false)
huggingface/tokenizers: The current process just got forked, after parallelism has already been used. Disabling parallelism to avoid deadlocks...
To disable this warning, you can either:
	- Avoid using `tokenizers` before the fork if possible
	- Explicitly set the environment variable TOKENIZERS_PARALLELISM=(true | false)
huggingface/tokenizers: The current process just got forked, after parallelism has already been used. Disabling parallelism to avoid deadlocks...
To disable this warning, you can either:
	- Avoid using `tokenizers` before the fork if possible
	- Explicitly set the environment variable TOKENIZERS_PARALLELISM=(true | false)
huggingface/tokenizers: The current process just got forked, after parallelism has already been used. Disabling parallelism to avoid deadlocks...
To disable this warning, you can either:
	- Avoid using `tokenizers` before the fork if possible
	- Explicitly set the environment variable TOKENIZERS_PARALLELISM=(true | false)
huggingface/tokenizers: The current process just got forked, after parallelism has already been used. Disabling parallelism to avoid deadlocks...
To disable this warning, you can either:
	- Avoid using `tokenizers` before the fork if possible
	- Explicitly set the environment variable TOKENIZERS_PARALLELISM=(true | false)
huggingface/tokenizers: The current process just got forked, after parallelism has already been used. Disabling parallelism to avoid deadlocks...
To disable this warning, you can either:
	- Avoid using `tokenizers` before the fork if possible
	- Explicitly set the environment variable TOKENIZERS_PARALLELISM=(true | false)
huggingface/tokenizers: The current process just got forked, after parallelism has already been used. Disabling parallelism to avoid deadlocks...
To disable this warning, you can either:
	- Avoid using `tokenizers` before the fork if possible
	- Explicitly set the environment variable TOKENIZERS_PARALLELISM=(true | false)
huggingface/tokenizers: The current process just got forked, after parallelism has already been used. Disabling parallelism to avoid deadlocks...
To disable this warning, you can either:
	- Avoid using `tokenizers` before the fork if possible
	- Explicitly set the environment variable TOKENIZERS_PARALLELISM=(true | false)

  0%|          | 0/233 [00:00<?, ?it/s]
  1%|          | 2/233 [00:08<16:07,  4.19s/it]
  1%|▏         | 3/233 [00:17<23:26,  6.11s/it]
  2%|▏         | 4/233 [00:26<27:14,  7.14s/it]
  2%|▏         | 5/233 [00:35<29:38,  7.80s/it]
  3%|▎         | 6/233 [00:44<31:13,  8.25s/it]
  3%|▎         | 7/233 [00:53<32:10,  8.54s/it]
  3%|▎         | 8/233 [01:02<32:56,  8.79s/it]
  4%|▍         | 9/233 [01:11<33:03,  8.85s/it]
  4%|▍         | 10/233 [01:20<33:05,  8.90s/it]
  5%|▍         | 11/233 [01:30<33:34,  9.07s/it]
  5%|▌         | 12/233 [01:39<33:35,  9.12s/it]
  6%|▌         | 13/233 [01:48<33:38,  9.17s/it]
  6%|▌         | 14/233 [01:57<33:32,  9.19s/it]
  6%|▋         | 15/233 [02:07<33:29,  9.22s/it]
  7%|▋         | 16/233 [02:16<33:36,  9.29s/it]
  7%|▋         | 17/233 [02:25<33:15,  9.24s/it]
  8%|▊         | 18/233 [02:35<33:03,  9.23s/it]
  8%|▊         | 19/233 [02:44<33:04,  9.27s/it]
  9%|▊         | 20/233 [02:53<32:49,  9.25s/it]
  9%|▉         | 21/233 [03:02<32:38,  9.24s/it]
  9%|▉         | 22/233 [03:12<32:37,  9.28s/it]
 10%|▉         | 23/233 [03:21<32:32,  9.30s/it]
 10%|█         | 24/233 [03:30<32:04,  9.21s/it]
 11%|█         | 25/233 [03:39<32:00,  9.23s/it]
 11%|█         | 26/233 [03:49<31:56,  9.26s/it]
 12%|█▏        | 27/233 [03:58<31:43,  9.24s/it]
 12%|█▏        | 28/233 [04:07<31:29,  9.22s/it]
 12%|█▏        | 29/233 [04:16<31:22,  9.23s/it]
 13%|█▎        | 30/233 [04:25<31:03,  9.18s/it]
 13%|█▎        | 31/233 [04:35<30:58,  9.20s/it]
 14%|█▎        | 32/233 [04:44<30:56,  9.24s/it]
 14%|█▍        | 33/233 [04:53<30:58,  9.29s/it]
 15%|█▍        | 34/233 [05:02<30:38,  9.24s/it]
 15%|█▌        | 35/233 [05:12<30:35,  9.27s/it]
 15%|█▌        | 36/233 [05:21<30:26,  9.27s/it]
 16%|█▌        | 37/233 [05:30<30:18,  9.28s/it]
 16%|█▋        | 38/233 [05:39<30:01,  9.24s/it]
 17%|█▋        | 39/233 [05:49<29:52,  9.24s/it]
 17%|█▋        | 40/233 [05:58<29:50,  9.27s/it]
 18%|█▊        | 41/233 [06:07<29:43,  9.29s/it]
 18%|█▊        | 42/233 [06:16<29:15,  9.19s/it]
 18%|█▊        | 43/233 [06:26<29:04,  9.18s/it]
 19%|█▉        | 44/233 [06:35<29:03,  9.23s/it]
 19%|█▉        | 45/233 [06:44<29:05,  9.28s/it]
 20%|█▉        | 46/233 [06:54<29:06,  9.34s/it]
 20%|██        | 47/233 [07:03<28:48,  9.29s/it]
 21%|██        | 48/233 [07:12<28:33,  9.26s/it]
 21%|██        | 49/233 [07:22<28:32,  9.31s/it]
 21%|██▏       | 50/233 [07:31<28:08,  9.23s/it]
 22%|██▏       | 51/233 [07:40<27:51,  9.18s/it]
 22%|██▏       | 52/233 [07:49<27:58,  9.27s/it]
 23%|██▎       | 53/233 [07:59<27:59,  9.33s/it]
 23%|██▎       | 54/233 [08:08<27:33,  9.24s/it]
 24%|██▎       | 55/233 [08:17<27:39,  9.32s/it]
 24%|██▍       | 56/233 [08:26<27:19,  9.26s/it]
 24%|██▍       | 57/233 [08:35<27:06,  9.24s/it]
 25%|██▍       | 58/233 [08:45<26:54,  9.23s/it]
 25%|██▌       | 59/233 [08:54<26:42,  9.21s/it]
 26%|██▌       | 60/233 [09:03<26:28,  9.18s/it]
 26%|██▌       | 61/233 [09:12<26:20,  9.19s/it]
 27%|██▋       | 62/233 [09:21<26:13,  9.20s/it]
 27%|██▋       | 63/233 [09:30<25:59,  9.17s/it]
 27%|██▋       | 64/233 [09:40<25:55,  9.21s/it]
 28%|██▊       | 65/233 [09:49<25:52,  9.24s/it]
 28%|██▊       | 66/233 [09:58<25:31,  9.17s/it]
 29%|██▉       | 67/233 [10:08<25:38,  9.27s/it]
 29%|██▉       | 68/233 [10:17<25:42,  9.35s/it]
 30%|██▉       | 69/233 [10:26<25:19,  9.26s/it]
 30%|███       | 70/233 [10:35<25:06,  9.24s/it]
 30%|███       | 71/233 [10:45<24:52,  9.21s/it]
 31%|███       | 72/233 [10:54<24:49,  9.25s/it]
 31%|███▏      | 73/233 [11:03<24:39,  9.24s/it]
 32%|███▏      | 74/233 [11:13<24:40,  9.31s/it]
 32%|███▏      | 75/233 [11:22<24:31,  9.31s/it]
 33%|███▎      | 76/233 [11:31<23:58,  9.16s/it]
 33%|███▎      | 77/233 [11:40<24:03,  9.25s/it]
 33%|███▎      | 78/233 [11:50<24:06,  9.33s/it]
 34%|███▍      | 79/233 [11:59<23:45,  9.25s/it]
 34%|███▍      | 80/233 [12:08<23:53,  9.37s/it]
 35%|███▍      | 81/233 [12:17<23:27,  9.26s/it]
 35%|███▌      | 82/233 [12:27<23:21,  9.28s/it]
 36%|███▌      | 83/233 [12:36<23:09,  9.26s/it]
 36%|███▌      | 84/233 [12:45<22:57,  9.25s/it]
 36%|███▋      | 85/233 [12:54<22:46,  9.23s/it]
 37%|███▋      | 86/233 [13:03<22:31,  9.20s/it]
 37%|███▋      | 87/233 [13:13<22:37,  9.30s/it]
 38%|███▊      | 88/233 [13:22<22:13,  9.20s/it]
 38%|███▊      | 89/233 [13:31<22:14,  9.27s/it]
 39%|███▊      | 90/233 [13:41<22:09,  9.30s/it]
 39%|███▉      | 91/233 [13:50<22:01,  9.31s/it]
 39%|███▉      | 92/233 [13:59<21:45,  9.26s/it]
 40%|███▉      | 93/233 [14:09<21:39,  9.28s/it]
 40%|████      | 94/233 [14:18<21:32,  9.30s/it]
 41%|████      | 95/233 [14:27<21:26,  9.32s/it]
 41%|████      | 96/233 [14:36<21:10,  9.27s/it]
 42%|████▏     | 97/233 [14:46<20:59,  9.26s/it]
 42%|████▏     | 98/233 [14:55<20:46,  9.23s/it]
 42%|████▏     | 99/233 [15:04<20:30,  9.18s/it]
 43%|████▎     | 100/233 [15:13<20:22,  9.19s/it]
 43%|████▎     | 101/233 [15:23<20:26,  9.29s/it]
 44%|████▍     | 102/233 [15:32<20:18,  9.30s/it]
 44%|████▍     | 103/233 [15:41<20:02,  9.25s/it]
 45%|████▍     | 104/233 [15:50<19:57,  9.28s/it]
 45%|████▌     | 105/233 [16:00<19:53,  9.33s/it]
 45%|████▌     | 106/233 [16:09<19:38,  9.28s/it]
 46%|████▌     | 107/233 [16:18<19:30,  9.29s/it]
 46%|████▋     | 108/233 [16:28<19:15,  9.25s/it]
 47%|████▋     | 109/233 [16:36<18:54,  9.15s/it]
 47%|████▋     | 110/233 [16:46<18:51,  9.20s/it]
 48%|████▊     | 111/233 [16:55<18:51,  9.27s/it]
 48%|████▊     | 112/233 [17:05<18:45,  9.30s/it]
 48%|████▊     | 113/233 [17:14<18:33,  9.28s/it]
 49%|████▉     | 114/233 [17:23<18:17,  9.22s/it]
 49%|████▉     | 115/233 [17:32<18:12,  9.26s/it]
 50%|████▉     | 116/233 [17:41<18:03,  9.26s/it]
 50%|█████     | 117/233 [17:51<17:54,  9.26s/it]
 51%|█████     | 118/233 [18:00<17:48,  9.29s/it]
 51%|█████     | 119/233 [18:09<17:32,  9.24s/it]
 52%|█████▏    | 120/233 [18:18<17:23,  9.23s/it]
 52%|█████▏    | 121/233 [18:28<17:13,  9.23s/it]
 52%|█████▏    | 122/233 [18:37<17:15,  9.33s/it]
 53%|█████▎    | 123/233 [18:47<17:07,  9.34s/it]
 53%|█████▎    | 124/233 [18:56<17:01,  9.37s/it]
 54%|█████▎    | 125/233 [19:05<16:47,  9.32s/it]
 54%|█████▍    | 126/233 [19:15<16:35,  9.31s/it]
 55%|█████▍    | 127/233 [19:24<16:20,  9.25s/it]
 55%|█████▍    | 128/233 [19:33<16:22,  9.36s/it]
 55%|█████▌    | 129/233 [19:42<16:04,  9.28s/it]
 56%|█████▌    | 130/233 [19:52<15:57,  9.30s/it]
 56%|█████▌    | 131/233 [20:01<15:44,  9.26s/it]
 57%|█████▋    | 132/233 [20:10<15:34,  9.25s/it]
 57%|█████▋    | 133/233 [20:19<15:18,  9.19s/it]
 58%|█████▊    | 134/233 [20:28<15:09,  9.19s/it]
 58%|█████▊    | 135/233 [20:38<15:03,  9.22s/it]
 58%|█████▊    | 136/233 [20:47<14:51,  9.19s/it]
 59%|█████▉    | 137/233 [20:56<14:45,  9.23s/it]
 59%|█████▉    | 138/233 [21:05<14:38,  9.24s/it]
 60%|█████▉    | 139/233 [21:15<14:33,  9.29s/it]
 60%|██████    | 140/233 [21:24<14:21,  9.26s/it]
 61%|██████    | 141/233 [21:33<14:13,  9.28s/it]
 61%|██████    | 142/233 [21:42<14:02,  9.26s/it]
 61%|██████▏   | 143/233 [21:52<13:55,  9.29s/it]
 62%|██████▏   | 144/233 [22:01<13:46,  9.28s/it]
 62%|██████▏   | 145/233 [22:11<13:42,  9.34s/it]
 63%|██████▎   | 146/233 [22:20<13:24,  9.25s/it]
 63%|██████▎   | 147/233 [22:29<13:15,  9.25s/it]
 64%|██████▎   | 148/233 [22:38<13:08,  9.27s/it]
 64%|██████▍   | 149/233 [22:48<13:01,  9.30s/it]
 64%|██████▍   | 150/233 [22:57<12:47,  9.25s/it]
 65%|██████▍   | 151/233 [23:06<12:35,  9.22s/it]
 65%|██████▌   | 152/233 [23:15<12:31,  9.28s/it]
 66%|██████▌   | 153/233 [23:25<12:22,  9.28s/it]
 66%|██████▌   | 154/233 [23:34<12:13,  9.29s/it]
 67%|██████▋   | 155/233 [23:43<12:00,  9.24s/it]
 67%|██████▋   | 156/233 [23:52<11:53,  9.27s/it]
 67%|██████▋   | 157/233 [24:02<11:46,  9.30s/it]
 68%|██████▊   | 158/233 [24:11<11:33,  9.25s/it]
 68%|██████▊   | 159/233 [24:20<11:19,  9.19s/it]
 69%|██████▊   | 160/233 [24:29<11:15,  9.25s/it]
 69%|██████▉   | 161/233 [24:38<11:05,  9.24s/it]
 70%|██████▉   | 162/233 [24:48<11:01,  9.31s/it]
 70%|██████▉   | 163/233 [24:57<10:48,  9.26s/it]
 70%|███████   | 164/233 [25:06<10:30,  9.14s/it]
 71%|███████   | 165/233 [25:15<10:28,  9.24s/it]
 71%|███████   | 166/233 [25:25<10:20,  9.27s/it]
 72%|███████▏  | 167/233 [25:34<10:11,  9.27s/it]
 72%|███████▏  | 168/233 [25:43<10:00,  9.23s/it]
 73%|███████▎  | 169/233 [25:52<09:52,  9.26s/it]
 73%|███████▎  | 170/233 [26:02<09:43,  9.26s/it]
 73%|███████▎  | 171/233 [26:11<09:32,  9.24s/it]
 74%|███████▍  | 172/233 [26:20<09:27,  9.30s/it]
 74%|███████▍  | 173/233 [26:30<09:18,  9.31s/it]
 75%|███████▍  | 174/233 [26:39<09:08,  9.29s/it]
 75%|███████▌  | 175/233 [26:48<09:00,  9.31s/it]
 76%|███████▌  | 176/233 [26:57<08:48,  9.27s/it]
 76%|███████▌  | 177/233 [27:07<08:39,  9.27s/it]
 76%|███████▋  | 178/233 [27:16<08:28,  9.24s/it]
 77%|███████▋  | 179/233 [27:25<08:23,  9.32s/it]
 77%|███████▋  | 180/233 [27:34<08:09,  9.23s/it]
 78%|███████▊  | 181/233 [27:44<08:02,  9.28s/it]
 78%|███████▊  | 182/233 [27:53<07:54,  9.31s/it]
 79%|███████▊  | 183/233 [28:03<07:46,  9.32s/it]
 79%|███████▉  | 184/233 [28:12<07:36,  9.31s/it]
 79%|███████▉  | 185/233 [28:21<07:25,  9.28s/it]
 80%|███████▉  | 186/233 [28:30<07:15,  9.26s/it]
 80%|████████  | 187/233 [28:40<07:06,  9.28s/it]
 81%|████████  | 188/233 [28:49<06:56,  9.25s/it]
 81%|████████  | 189/233 [28:58<06:46,  9.24s/it]
 82%|████████▏ | 190/233 [29:07<06:36,  9.22s/it]
 82%|████████▏ | 191/233 [29:16<06:27,  9.23s/it]
 82%|████████▏ | 192/233 [29:26<06:18,  9.23s/it]
 83%|████████▎ | 193/233 [29:35<06:08,  9.22s/it]
 83%|████████▎ | 194/233 [29:44<05:59,  9.23s/it]
 84%|████████▎ | 195/233 [29:53<05:49,  9.20s/it]
 84%|████████▍ | 196/233 [30:03<05:42,  9.26s/it]
 85%|████████▍ | 197/233 [30:12<05:34,  9.29s/it]
 85%|████████▍ | 198/233 [30:21<05:25,  9.30s/it]
 85%|████████▌ | 199/233 [30:31<05:15,  9.29s/it]
 86%|████████▌ | 200/233 [30:40<05:06,  9.29s/it]
 86%|████████▋ | 201/233 [30:49<04:58,  9.33s/it]
 87%|████████▋ | 202/233 [30:58<04:46,  9.25s/it]
 87%|████████▋ | 203/233 [31:11<05:05, 10.20s/it]
 88%|████████▊ | 204/233 [31:24<05:22, 11.12s/it]
 88%|████████▊ | 205/233 [31:32<04:47, 10.27s/it]
 88%|████████▊ | 206/233 [31:41<04:23,  9.74s/it]
 89%|████████▉ | 207/233 [31:50<04:06,  9.46s/it]
 89%|████████▉ | 208/233 [31:59<03:52,  9.31s/it]
 90%|████████▉ | 209/233 [32:08<03:43,  9.30s/it]
 90%|█████████ | 210/233 [32:17<03:33,  9.27s/it]
 91%|█████████ | 211/233 [32:26<03:23,  9.25s/it]
 91%|█████████ | 212/233 [32:36<03:14,  9.26s/it]
 91%|█████████▏| 213/233 [32:45<03:04,  9.21s/it]
 92%|█████████▏| 214/233 [32:54<02:55,  9.24s/it]
 92%|█████████▏| 215/233 [33:03<02:47,  9.29s/it]
 93%|█████████▎| 216/233 [33:13<02:38,  9.33s/it]
 93%|█████████▎| 217/233 [33:22<02:27,  9.20s/it]
 94%|█████████▎| 218/233 [33:31<02:18,  9.22s/it]
 94%|█████████▍| 219/233 [33:40<02:08,  9.20s/it]
 94%|█████████▍| 220/233 [33:50<02:00,  9.29s/it]
 95%|█████████▍| 221/233 [33:59<01:51,  9.33s/it]
 95%|█████████▌| 222/233 [34:08<01:41,  9.25s/it]
 96%|█████████▌| 223/233 [34:17<01:32,  9.22s/it]
 96%|█████████▌| 224/233 [34:27<01:23,  9.27s/it]
 97%|█████████▋| 225/233 [34:36<01:14,  9.27s/it]
 97%|█████████▋| 226/233 [34:45<01:04,  9.24s/it]
 97%|█████████▋| 227/233 [34:54<00:55,  9.24s/it]
 98%|█████████▊| 228/233 [35:04<00:46,  9.22s/it]
 98%|█████████▊| 229/233 [35:13<00:36,  9.20s/it]
 99%|█████████▊| 230/233 [35:22<00:27,  9.25s/it]
 99%|█████████▉| 231/233 [35:31<00:18,  9.17s/it]
100%|█████████▉| 232/233 [35:40<00:09,  9.24s/it]
100%|██████████| 233/233 [35:45<00:00,  7.88s/it]
100%|██████████| 233/233 [35:47<00:00,  9.22s/it]
Accuracy: 0.6487
---------------------------------------
Begin Slurm Epilog: Apr-29-2025 06:03:52
Job ID:        2544585
User ID:       akhandelwal83
Account:       coc
Job name:      gemma-v1
Resources:     cpu=32,gres/gpu:v100=1,mem=32G,node=1
Rsrc Used:     cput=3-21:15:12,vmem=0,walltime=02:54:51,mem=6608484K,energy_used=0
Partition:     coc-gpu
QOS:           coc-ice
Nodes:         atl1-1-01-002-3-0
---------------------------------------
